// Jest Snapshot v1, https://goo.gl/fbAQLP

exports[`allows you to use a component as a child selector 1`] = `
.css-3qxw29 .to-string--glamorous_div_,
[data-css-3qxw29] .to-string--glamorous_div_ {
  color: blue;
}

.css-1ezp9xe,
[data-css-1ezp9xe] {
  color: red;
}

<div
  class="css-3qxw29"
>
  <div
    class="css-1ezp9xe to-string--glamorous_div_"
  >
    Hello
  </div>
</div>
`;

exports[`allows you to use a component as any kind of selector 1`] = `
.css-icjsl7,
[data-css-icjsl7] {
  color: blue;
}

.to-string--glamorous_div_ .css-70kgt9,
.to-string--glamorous_div_ [data-css-70kgt9] {
  color: red;
}

<div
  class="css-icjsl7 to-string--glamorous_div_"
>
  <div
    class="css-70kgt9"
  >
    Hello
  </div>
</div>
`;
